cargo :     Blocking waiting for file lock on build directory
At line:1 char:1
+ cargo build -p local-control-plane --release 2> build_output.txt
+ ~~~~~~~~~~~~~~~~~~~~~~~~~~~~~~~~~~~~~~~~~~~~~~~~~~~~~~~~~~~~~~~~
    + CategoryInfo          : NotSpecified: (    Blocking wa...build directory:String) [], RemoteException
    + FullyQualifiedErrorId : NativeCommandError
 
